docs/index (old).ts(7,38): error TS2307: Cannot find module './ATSAnalysisDashboard' or its corresponding type declarations.
src/__mocks__/@/api/aiServices.ts(70,67): error TS2345: Argument of type '{ success: boolean; message: string; downloadUrl: string; }' is not assignable to parameter of type 'never'.
src/__mocks__/@/api/aiServices.ts(76,66): error TS2345: Argument of type '{ success: boolean; content: string; suggestions: string[]; }' is not assignable to parameter of type 'never'.
src/api/__mocks__/aiServices.ts(8,3): error TS18004: No value exists in scope for the shorthand property 'generateCoverLetter'. Either declare one or provide an initializer.
src/api/__mocks__/aiServices.ts(9,3): error TS18004: No value exists in scope for the shorthand property 'generateTailoredResume'. Either declare one or provide an initializer.
src/api/apiClient.ts(2,10): error TS2614: Module '"./authService"' has no exported member 'getIdToken'. Did you mean to use 'import getIdToken from "./authService"' instead?
src/api/apiClient.ts(128,15): error TS2339: Property 'message' does not exist on type 'never'.
src/api/index.ts(8,10): error TS2614: Module '"./authService"' has no exported member 'authService'. Did you mean to use 'import authService from "./authService"' instead?
src/api/index.ts(59,1): error TS2308: Module './smartIngestionService' has already exported a member named 'DocumentFilters'. Consider explicitly re-exporting to resolve the ambiguity.
src/api/index.ts(67,1): error TS2308: Module './workflowService' has already exported a member named 'ApplicationPackageRequest'. Consider explicitly re-exporting to resolve the ambiguity.
src/api/ingestion.service.ts(74,36): error TS2339: Property 'message' does not exist on type '{}'.
src/api/ingestion.service.ts(112,36): error TS2339: Property 'message' does not exist on type '{}'.
src/components/TimelineView/index.ts(1,30): error TS2307: Cannot find module './TimelineView' or its corresponding type declarations.
src/components/TimelineView/index.ts(2,40): error TS2307: Cannot find module './TimelineView' or its corresponding type declarations.
src/components/analysis/ATSDashboard.tsx(91,79): error TS2322: Type '{ value: number; className: string; indicatorClassName: string; }' is not assignable to type 'IntrinsicAttributes & HTMLAttributes<HTMLDivElement> & { value?: number | null | undefined; } & RefAttributes<HTMLDivElement>'.
  Property 'indicatorClassName' does not exist on type 'IntrinsicAttributes & HTMLAttributes<HTMLDivElement> & { value?: number | null | undefined; } & RefAttributes<HTMLDivElement>'.
src/components/analysis/ATSDashboard.tsx(102,30): error TS2304: Cannot find name 'Sparkles'.
src/components/applications/KanbanBoard.tsx(5,39): error TS2307: Cannot find module '@/components/ui/scroll-area' or its corresponding type declarations.
src/components/career/TimelineView/index.ts(2,15): error TS2724: '"./TimelineView"' has no exported member named 'TimelineViewProps'. Did you mean 'TimelineView'?
src/components/common/ErrorCard.tsx(10,10): error TS2305: Module '"@/components/electric"' has no exported member 'Card'.
src/components/common/LoadingCard.tsx(9,10): error TS2305: Module '"@/components"' has no exported member 'Card'.
src/components/common/LoadingCard.tsx(10,10): error TS2305: Module '"@/components/electric"' has no exported member 'Skeleton'.
src/components/common/StandardizedLoadingStates.tsx(11,10): error TS2305: Module '"@/components"' has no exported member 'Card'.
src/components/common/StandardizedLoadingStates.tsx(13,10): error TS2305: Module '"@/components/electric"' has no exported member 'Skeleton'.
src/components/custom/alert-dialog/AlertDialog.tsx(188,6): error TS2322: Type '{ children: ReactNode; disabled?: boolean | undefined; form?: string | undefined; formAction?: string | undefined; formEncType?: string | undefined; formMethod?: string | undefined; ... 269 more ...; className: string | undefined; }' is not assignable to type 'Omit<ElectricButtonProps, "ref">'.
  Types of property 'onDrag' are incompatible.
    Type 'DragEventHandler<HTMLButtonElement> | undefined' is not assignable to type '((event: MouseEvent | PointerEvent | TouchEvent, info: PanInfo) => void) | undefined'.
      Type 'DragEventHandler<HTMLButtonElement>' is not assignable to type '(event: MouseEvent | PointerEvent | TouchEvent, info: PanInfo) => void'.
        Types of parameters 'event' and 'event' are incompatible.
          Type 'MouseEvent | PointerEvent | TouchEvent' is not assignable to type 'DragEvent<HTMLButtonElement>'.
            Type 'MouseEvent' is missing the following properties from type 'DragEvent<HTMLButtonElement>': dataTransfer, nativeEvent, isDefaultPrevented, isPropagationStopped, persist
src/components/custom/alert-dialog/AlertDialog.tsx(204,6): error TS2322: Type '{ children: ReactNode; disabled?: boolean | undefined; form?: string | undefined; formAction?: string | undefined; formEncType?: string | undefined; formMethod?: string | undefined; ... 269 more ...; className: string | undefined; }' is not assignable to type 'Omit<ElectricButtonProps, "ref">'.
  Types of property 'onDrag' are incompatible.
    Type 'DragEventHandler<HTMLButtonElement> | undefined' is not assignable to type '((event: MouseEvent | PointerEvent | TouchEvent, info: PanInfo) => void) | undefined'.
      Type 'DragEventHandler<HTMLButtonElement>' is not assignable to type '(event: MouseEvent | PointerEvent | TouchEvent, info: PanInfo) => void'.
        Types of parameters 'event' and 'event' are incompatible.
          Type 'MouseEvent | PointerEvent | TouchEvent' is not assignable to type 'DragEvent<HTMLButtonElement>'.
            Type 'MouseEvent' is missing the following properties from type 'DragEvent<HTMLButtonElement>': dataTransfer, nativeEvent, isDefaultPrevented, isPropagationStopped, persist
src/components/custom/animated-button/AnimatedButton.tsx(12,18): error TS2320: Interface 'AnimatedButtonProps' cannot simultaneously extend types 'Omit<ButtonHTMLAttributes<HTMLButtonElement>, "ref">' and 'MotionProps'.
  Named property 'onAnimationStart' of types 'Omit<ButtonHTMLAttributes<HTMLButtonElement>, "ref">' and 'MotionProps' are not identical.
src/components/custom/animated-button/AnimatedButton.tsx(93,10): error TS2322: Type '{ children: (false | Element)[]; id?: string | undefined; name?: string | undefined; role?: AriaRole | undefined; value?: string | number | readonly string[] | undefined; defaultChecked?: boolean | undefined; ... 323 more ...; disabled: boolean | undefined; }' is not assignable to type 'Omit<HTMLMotionProps<"button">, "ref">'.
  Types of property 'onDrag' are incompatible.
    Type 'DragEventHandler<HTMLButtonElement> | undefined' is not assignable to type '((event: MouseEvent | PointerEvent | TouchEvent, info: PanInfo) => void) | undefined'.
      Type 'DragEventHandler<HTMLButtonElement>' is not assignable to type '(event: MouseEvent | PointerEvent | TouchEvent, info: PanInfo) => void'.
        Types of parameters 'event' and 'event' are incompatible.
          Type 'MouseEvent | PointerEvent | TouchEvent' is not assignable to type 'DragEvent<HTMLButtonElement>'.
            Type 'MouseEvent' is missing the following properties from type 'DragEvent<HTMLButtonElement>': dataTransfer, nativeEvent, isDefaultPrevented, isPropagationStopped, persist
src/components/custom/animated-button/AnimatedButton.tsx(120,8): error TS2322: Type '{ children: ReactNode; id?: string | undefined; name?: string | undefined; role?: AriaRole | undefined; value?: string | number | readonly string[] | undefined; defaultChecked?: boolean | undefined; ... 323 more ...; disabled: boolean | undefined; }' is not assignable to type 'Omit<HTMLMotionProps<"button">, "ref">'.
  Types of property 'onDrag' are incompatible.
    Type '((event: MouseEvent | PointerEvent | TouchEvent, info: PanInfo) => void) | DragEventHandler<HTMLButtonElement> | undefined' is not assignable to type '((event: MouseEvent | PointerEvent | TouchEvent, info: PanInfo) => void) | undefined'.
      Type 'DragEventHandler<HTMLButtonElement>' is not assignable to type '(event: MouseEvent | PointerEvent | TouchEvent, info: PanInfo) => void'.
        Types of parameters 'event' and 'event' are incompatible.
          Type 'MouseEvent | PointerEvent | TouchEvent' is not assignable to type 'DragEvent<HTMLButtonElement>'.
            Type 'MouseEvent' is missing the following properties from type 'DragEvent<HTMLButtonElement>': dataTransfer, nativeEvent, isDefaultPrevented, isPropagationStopped, persist
src/components/custom/application-card/index.ts(1,33): error TS2307: Cannot find module './ApplicationCard' or its corresponding type declarations.
src/components/custom/application-card/index.ts(2,43): error TS2307: Cannot find module './ApplicationCard' or its corresponding type declarations.
src/components/custom/application-tracker/index.ts(1,36): error TS2307: Cannot find module './ApplicationTracker' or its corresponding type declarations.
src/components/custom/application-tracker/index.ts(2,46): error TS2307: Cannot find module './ApplicationTracker' or its corresponding type declarations.
src/components/custom/grid-compat/index.ts(1,28): error TS2307: Cannot find module './GridCompat' or its corresponding type declarations.
src/components/custom/grid-compat/index.ts(2,38): error TS2307: Cannot find module './GridCompat' or its corresponding type declarations.
src/components/custom/index.ts(10,15): error TS2306: File '/home/njd/careercopilot/careercopilot-1/frontend/src/components/custom/page-header/index.ts' is not a module.
src/components/custom/index.ts(11,15): error TS2306: File '/home/njd/careercopilot/careercopilot-1/frontend/src/components/custom/keyword-tag/index.ts' is not a module.
src/components/custom/index.ts(12,15): error TS2306: File '/home/njd/careercopilot/careercopilot-1/frontend/src/components/custom/ats-score-circle/index.ts' is not a module.
src/components/custom/index.ts(13,15): error TS2306: File '/home/njd/careercopilot/careercopilot-1/frontend/src/components/custom/animated-button/index.ts' is not a module.
src/components/custom/index.ts(15,15): error TS2306: File '/home/njd/careercopilot/careercopilot-1/frontend/src/components/custom/alert-dialog/index.ts' is not a module.
src/components/custom/index.ts(16,15): error TS2306: File '/home/njd/careercopilot/careercopilot-1/frontend/src/components/custom/collapsible/index.ts' is not a module.
src/components/custom/index.ts(17,15): error TS2306: File '/home/njd/careercopilot/careercopilot-1/frontend/src/components/custom/dropdown-menu/index.ts' is not a module.
src/components/custom/index.ts(18,15): error TS2306: File '/home/njd/careercopilot/careercopilot-1/frontend/src/components/custom/menu/index.ts' is not a module.
src/components/custom/index.ts(19,15): error TS2306: File '/home/njd/careercopilot/careercopilot-1/frontend/src/components/custom/image-with-fallback/index.ts' is not a module.
src/components/custom/index.ts(21,15): error TS2306: File '/home/njd/careercopilot/careercopilot-1/frontend/src/components/custom/timeline-view/index.ts' is not a module.
src/components/custom/menu/Menu.tsx(10,10): error TS2305: Module '"@/components/electric"' has no exported member 'Card'.
src/components/custom/menu/Menu.tsx(25,14): error TS2322: Type '{ children: Element; defaultChecked?: boolean | undefined; defaultValue?: string | number | readonly string[] | undefined; suppressContentEditableWarning?: boolean | undefined; suppressHydrationWarning?: boolean | undefined; ... 262 more ...; exit: { ...; }; }' is not assignable to type 'Omit<HTMLMotionProps<"div">, "ref">'.
  Types of property 'onDrag' are incompatible.
    Type 'DragEventHandler<HTMLDivElement> | undefined' is not assignable to type '((event: MouseEvent | PointerEvent | TouchEvent, info: PanInfo) => void) | undefined'.
      Type 'DragEventHandler<HTMLDivElement>' is not assignable to type '(event: MouseEvent | PointerEvent | TouchEvent, info: PanInfo) => void'.
        Types of parameters 'event' and 'event' are incompatible.
          Type 'MouseEvent | PointerEvent | TouchEvent' is not assignable to type 'DragEvent<HTMLDivElement>'.
            Type 'MouseEvent' is missing the following properties from type 'DragEvent<HTMLDivElement>': dataTransfer, nativeEvent, isDefaultPrevented, isPropagationStopped, persist
src/components/custom/stat-card/StatCard.tsx(2,10): error TS2305: Module '"@/components/electric"' has no exported member 'Card'.
src/components/custom/timeline-view/TimelineView.tsx(9,10): error TS2305: Module '"@/components/electric"' has no exported member 'Card'.
src/components/dashboard/ProfileCard.tsx(4,53): error TS2307: Cannot find module '@/components/ui/avatar' or its corresponding type declarations.
src/components/dashboard/ProfileCard.tsx(86,89): error TS2322: Type '{ value: number; className: string; indicatorClassName: string; }' is not assignable to type 'IntrinsicAttributes & HTMLAttributes<HTMLDivElement> & { value?: number | null | undefined; } & RefAttributes<HTMLDivElement>'.
  Property 'indicatorClassName' does not exist on type 'IntrinsicAttributes & HTMLAttributes<HTMLDivElement> & { value?: number | null | undefined; } & RefAttributes<HTMLDivElement>'.
src/components/electric/breadcrumb/ElectricBreadcrumb.tsx(21,43): error TS2304: Cannot find name 'BreadcrumbProps'.
src/components/electric/breadcrumb/ElectricBreadcrumb.tsx(29,21): error TS7006: Parameter 'item' implicitly has an 'any' type.
src/components/electric/breadcrumb/ElectricBreadcrumb.tsx(29,27): error TS7006: Parameter 'index' implicitly has an 'any' type.
src/components/electric/dialog/ElectricDialog.tsx(18,39): error TS2304: Cannot find name 'DialogProps'.
src/components/electric/drawer/ElectricDrawer.tsx(19,39): error TS2304: Cannot find name 'DrawerProps'.
src/components/electric/tooltip/ElectricTooltip.tsx(17,40): error TS2304: Cannot find name 'TooltipProps'.
src/components/electric/tooltip/ElectricTooltip.tsx(44,15): error TS7053: Element implicitly has an 'any' type because expression of type 'TooltipProps' can't be used to index type '{ top: string; bottom: string; left: string; right: string; }'.
src/components/features/dashboard/dashboard/ProfileGrid.tsx(8,10): error TS2305: Module '"@/components"' has no exported member 'Card'.
src/components/layout/ErrorBoundary.tsx(10,18): error TS2305: Module '"@/components/electric"' has no exported member 'Card'.
src/components/layout/ProtectedRoute.tsx(11,10): error TS2305: Module '"@/components/electric"' has no exported member 'Card'.
src/components/profile/CreateProfileCard.tsx(10,10): error TS2305: Module '"@/components"' has no exported member 'Card'.
src/components/profile/CreateProfileCard.tsx(31,22): error TS7006: Parameter 'e' implicitly has an 'any' type.
src/components/profile/CreateProfileCard.tsx(35,22): error TS7006: Parameter 'e' implicitly has an 'any' type.
src/components/profile/ImportWizard.tsx(12,10): error TS2724: '"@/components/electric"' has no exported member named 'Tabs'. Did you mean 'Tab'?
src/components/profile/ProfileCard.tsx(10,10): error TS2305: Module '"@/components"' has no exported member 'Card'.
src/components/profile/ProfileVariationCard.tsx(19,10): error TS2305: Module '"@/components"' has no exported member 'Card'.
src/components/profile/ProfileVariationCard.tsx(25,8): error TS2306: File '/home/njd/careercopilot/careercopilot-1/frontend/src/components/custom/dropdown-menu/index.ts' is not a module.
src/features/analysis/ATSAnalysisDashboard.tsx(8,10): error TS2305: Module '"@/components"' has no exported member 'Card'.
src/features/analysis/AnalysisView.tsx(9,10): error TS2305: Module '"@/components"' has no exported member 'Container'.
src/features/analysis/AnalysisView.tsx(9,21): error TS2305: Module '"@/components"' has no exported member 'Card'.
src/features/applications/ApplicationTracker.tsx(9,18): error TS2305: Module '"@/components"' has no exported member 'Dialog'.
src/features/applications/ApplicationsView.tsx(9,10): error TS2305: Module '"@/components"' has no exported member 'Container'.
src/features/applications/ApplicationsView.tsx(9,21): error TS2305: Module '"@/components"' has no exported member 'Card'.
src/features/auth/Auth.tsx(10,10): error TS2305: Module '"@/components"' has no exported member 'Card'.
src/features/career-growth/CareerGrowthHub.tsx(9,10): error TS2305: Module '"@/components"' has no exported member 'Card'.
src/features/career-intelligence/CareerIntelligence.tsx(9,10): error TS2305: Module '"@/components"' has no exported member 'Card'.
src/features/dashboard/DashboardHeader.tsx(10,10): error TS2305: Module '"@/components"' has no exported member 'Card'.
src/features/dashboard/DashboardStats.tsx(10,10): error TS2305: Module '"@/components"' has no exported member 'Card'.
src/features/dashboard/DashboardStats.tsx(11,10): error TS2305: Module '"@/components/electric"' has no exported member 'Textarea'.
src/features/dashboard/DashboardStats.tsx(11,20): error TS2305: Module '"@/components/electric"' has no exported member 'Alert'.
src/features/dashboard/DashboardStats.tsx(84,22): error TS7006: Parameter 'e' implicitly has an 'any' type.
src/features/design-system-test/TestPage.tsx(2,10): error TS2305: Module '"@/components/electric"' has no exported member 'Card'.
src/features/design-system/DesignSystemPreview.tsx(3,10): error TS2305: Module '"@/components/electric"' has no exported member 'Card'.
src/features/design-system/Preview.tsx(14,10): error TS2305: Module '"@/components"' has no exported member 'Card'.
src/features/documents/DocumentTypeSelector.tsx(9,10): error TS2305: Module '"@/components"' has no exported member 'Card'.
src/features/documents/ResumeBuilder.tsx(9,10): error TS2305: Module '"@/components"' has no exported member 'Card'.
src/features/documents/TemplateSelector.tsx(9,10): error TS2305: Module '"@/components"' has no exported member 'Card'.
src/features/documents/UploadResume.tsx(9,10): error TS2305: Module '"@/components"' has no exported member 'Container'.
src/features/documents/UploadResume.tsx(9,21): error TS2305: Module '"@/components"' has no exported member 'Card'.
src/features/filter-panel/FilterPanel.tsx(9,10): error TS2305: Module '"@/components"' has no exported member 'Card'.
src/features/filter-panel/FilterPanel.tsx(12,10): error TS2305: Module '"@/components/electric"' has no exported member 'Slider'.
src/features/filter-panel/FilterPanel.tsx(124,24): error TS7006: Parameter 'e' implicitly has an 'any' type.
src/features/job-input/JobInput.tsx(9,18): error TS2305: Module '"@/components/electric"' has no exported member 'Card'.
src/features/job-input/JobInput.tsx(9,78): error TS2724: '"@/components/electric"' has no exported member named 'Tabs'. Did you mean 'Tab'?
src/features/job-matching/JobMatching.tsx(10,10): error TS2305: Module '"@/components"' has no exported member 'Card'.
src/features/jobs/JobCard.tsx(21,10): error TS2305: Module '"@/components"' has no exported member 'Card'.
src/features/jobs/JobDetailCard.tsx(18,10): error TS2305: Module '"@/components"' has no exported member 'Card'.
src/features/jobs/JobSearchCard.tsx(9,10): error TS2305: Module '"@/components"' has no exported member 'Card'.
src/features/main/FeatureHighlights.tsx(9,10): error TS2305: Module '"@/components"' has no exported member 'Grid'.
src/features/main/FeatureHighlights.tsx(9,16): error TS2305: Module '"@/components"' has no exported member 'Card'.
src/features/main/JobSearchStatus.tsx(16,10): error TS2305: Module '"@/components"' has no exported member 'Grid'.
src/features/main/JobSearchStatus.tsx(16,16): error TS2305: Module '"@/components"' has no exported member 'Card'.
src/features/main/TestimonialCarousel.tsx(9,10): error TS2305: Module '"@/components"' has no exported member 'Card'.
src/features/opportunities/OpportunitiesView.tsx(9,10): error TS2305: Module '"@/components"' has no exported member 'Container'.
src/features/opportunities/OpportunitiesView.tsx(9,21): error TS2305: Module '"@/components"' has no exported member 'Card'.
src/features/pages/ATSAnalysisPage.tsx(9,10): error TS2305: Module '"@/components"' has no exported member 'Container'.
src/features/pages/ATSAnalysisPage.tsx(9,21): error TS2305: Module '"@/components"' has no exported member 'Card'.
src/features/pages/AnalysisPage.tsx(31,10): error TS2305: Module '"@/components"' has no exported member 'Container'.
src/features/pages/AnalysisPage.tsx(31,21): error TS2305: Module '"@/components"' has no exported member 'Card'.
src/features/pages/AnalysisPage.tsx(31,34): error TS2305: Module '"@/components"' has no exported member 'Grid'.
src/features/pages/AnalysisPage.tsx(31,40): error TS2724: '"@/components"' has no exported member named 'Tabs'. Did you mean 'Tab'?
src/features/pages/AnalysisPage.tsx(31,56): error TS2305: Module '"@/components"' has no exported member 'Alert'.
src/features/pages/AssetLibraryPage.tsx(8,10): error TS2305: Module '"@/components"' has no exported member 'Container'.
src/features/pages/AssetLibraryPage.tsx(8,21): error TS2305: Module '"@/components"' has no exported member 'Card'.
src/features/pages/AssetLibraryPage.tsx(8,27): error TS2305: Module '"@/components"' has no exported member 'Grid'.
src/features/pages/DashboardPage.tsx(20,10): error TS2305: Module '"@/components"' has no exported member 'Container'.
src/features/pages/DashboardPage.tsx(20,21): error TS2305: Module '"@/components"' has no exported member 'Card'.
src/features/pages/DashboardPage.tsx(20,27): error TS2305: Module '"@/components"' has no exported member 'Grid'.
src/features/pages/DocumentsPage.tsx(4,10): error TS2305: Module '"@/components"' has no exported member 'Container'.
src/features/pages/DocumentsView.tsx(9,10): error TS2305: Module '"@/components"' has no exported member 'Container'.
src/features/pages/DocumentsView.tsx(9,21): error TS2305: Module '"@/components"' has no exported member 'Card'.
src/features/pages/KscGeneratorPage.tsx(8,10): error TS2305: Module '"@/components"' has no exported member 'Container'.
src/features/pages/KscGeneratorPage.tsx(8,21): error TS2305: Module '"@/components"' has no exported member 'Card'.
src/features/pages/KscGeneratorPage.tsx(8,27): error TS2305: Module '"@/components"' has no exported member 'Textarea'.
src/features/pages/OpportunitiesPage.tsx(8,10): error TS2305: Module '"@/components"' has no exported member 'Container'.
src/features/pages/OpportunitiesPage.tsx(8,21): error TS2305: Module '"@/components"' has no exported member 'Card'.
src/features/pages/OpportunitiesPage.tsx(8,34): error TS2305: Module '"@/components"' has no exported member 'Grid'.
src/features/pages/SettingsPage.tsx(8,10): error TS2305: Module '"@/components"' has no exported member 'Container'.
src/features/pages/SettingsPage.tsx(8,21): error TS2305: Module '"@/components"' has no exported member 'Card'.
src/features/pages/SettingsPage.tsx(8,35): error TS2724: '"@/components"' has no exported member named 'Tabs'. Did you mean 'Tab'?
src/features/pages/SettingsPage.tsx(9,17): error TS2305: Module '"@/components"' has no exported member 'Textarea'.
src/features/pages/SettingsPage.tsx(9,27): error TS2305: Module '"@/components"' has no exported member 'Switch'.
src/features/profile/ProfileCardMUI.tsx(10,10): error TS2305: Module '"@/components"' has no exported member 'Card'.
src/features/profile/ProfileComparison.tsx(10,10): error TS2305: Module '"@/components"' has no exported member 'Card'.
src/features/profile/ProfileComparison.tsx(12,10): error TS2724: '"@/components/electric"' has no exported member named 'Tabs'. Did you mean 'Tab'?
src/features/profile/ProfileEditor.tsx(10,10): error TS2305: Module '"@/components"' has no exported member 'Container'.
src/features/profile/ProfileEditor.tsx(10,21): error TS2305: Module '"@/components"' has no exported member 'Card'.
src/features/profile/ProfileEditor.tsx(10,42): error TS2305: Module '"@/components"' has no exported member 'Textarea'.
src/features/profile/ProfileEditor.tsx(10,52): error TS2305: Module '"@/components"' has no exported member 'Grid'.
src/pages/ElectricAlchemistTestKitchen.tsx(14,10): error TS2305: Module '"../components/electric"' has no exported member 'Card'.
